<!DOCTYPE html>
<html lang="ru">
  <head>
    <meta charset="UTF-8">
    <meta name="viewport" content="width=device-width, initial-scale=1">
    <title>LP html css adaptiv</title>
    <link href="https://fonts.googleapis.com/css?family=PT+Sans:400,400i,700&amp;subset=cyrillic" rel="stylesheet">
    <link rel="stylesheet" href="css/normalize.css">
    <link rel="stylesheet" href="css/style.css">
  </head>
  <body>

    <header class="head">
      <div class="head__wrapper"> <!-- центровщик контента -->
        <a class="logo-link" href="#">
          <img class="logo-pict" src="img/logo.png" width="127" height="46" alt="Golden">
        </a>

        <menu class="navigation clearfix">
          <li class="navigation__item"><a class="navigation__link" href="#">начало</a></li>
          <li class="navigation__item"><a class="navigation__link" href="#">услуги</a></li>
          <li class="navigation__item"><a class="navigation__link" href="#">портфолио</a></li>
          <li class="navigation__item"><a class="navigation__link" href="#">контакты</a></li>
        </menu>

        <span class="head__welcom">Добро пожаловать в нашу студию!</span>
        <h1 class="head__title">Мы рады вам</h1>

        <a class="head-btn" href="#">Узнать больше</a>
      </div>
    </header>

    <main>
    <section class="services">
      <div class="services__wrapper">
        <h2 class="services__title">Услуги</h2>
        <span class="services__subtitle">Чем мы можем Вам помочь.</span>

        <article class="service-commerce">
          <img class="service-commerce__pict" src="img/basket-icon.png" alt="commerce">
          <h3 class="service-commerce__title">E-Commerce</h3>
          <p class="service-commerce__description">
            Большой опыт работы в E-commerce
            позволяет нам создавать реально
            эффективные продающие сайты
          </p>
        </article>

        <article class="service-web">
          <img class="service-web__pict" src="img/adaptiv-icon.png" alt="web">
          <h3 class="service-web__title">Responsive Web</h3>
          <p class="service-web__description">
            Всегда применяем только адаптивные
            технологии с использованием
            HTML5 и CSS3
          </p>
        </article>

        <article class="service-security">
          <img class="service-security__pict" src="img/lock-icon.png" alt="security">
          <h3 class="service-security__title">Web Security</h3>
          <p class="service-security__description">
            Являемся разработчиками ПО для усиления
            безопасности веб-сайтов, защитили более 1400
            проектов
          </p>
        </article>
      </div>
    </section>

    <section class="portfolio">
      <div class="portfolio__wrapper">
        <h2 class="portfolio__title">Наше портфолио</h2>
        <span class="portfolio__subtitle">Что мы сделали для любимых клиентов</span>

        <section class="ebony">
          <img class="ebony__pict" src="img/ebony_&_ivory.jpg" alt="картинка">
          <h4 class="ebony__title">Ebony & Ivory</h4>
          <span class="ebony__subtitle">Брендинг</span>
        </section>

        <section class="smart">
          <img class="smart__pict" src="img/smart_stationary.jpg" alt="картинка">
          <h4 class="smart__title">Smart Stationary</h4>
          <span class="smart__subtitle">Полиграфия</span>
        </section>

        <section class="сlever">
          <img class="сlever__pict" src="img/сlever_poster.jpg" alt="картинка">
          <h4 class="сlever__title">Clever Poster</h4>
          <span class="сlever__subtitle">Полиграфия</span>
        </section>

        <section class="vinyl">
          <img class="vinyl__pict" src="img/vinyl_record.jpg" alt="картинка">
          <h4 class="vinyl__title">Vinyl Record</h4>
          <span class="vinyl__subtitle">Обложка продукта</span>
        </section>

        <section class="treehouse">
          <img class="treehouse__pict" src="img/treehouse_template.jpg" alt="картинка">
          <h4 class="treehouse__title">Treehouse Template</h4>
          <span class="treehouse__subtitle">Веб дизайн</span>
        </section>

        <section class="burned">
          <img class="burned__pict" src="img/burned_logo.jpg" alt="картинка">
          <h4 class="burned__title">Burned Logo</h4>
          <span class="burned__subtitle">Брендинг</span>
        </section>
      </div>
    </section>

    <section class="about">
      <div class="about__wrapper">
        <h2 class="about__title">О нас</h2>
        <span class="about__subtitle">Кто мы такие</span>

        <div class="about__border">
        <article class="stage  stage--right">
          <img class="stage__pict  stage__pict--right" src="img/books.jpg" alt="картинка">
          <h4 class="stage__title">Июль 2010</h4>
          <span class="stage__subtitle">Наши скромные начинания</span>
          <p class="stage__description">
            Всё начиналось с небольшого офиса
            и двух человек в нём.
            С двух ноутбуков, большого
            энтузиазма и желании изменить мир.
          </p>
        </article>

        <article class="stage  stage--left">
          <img class="stage__pict  stage__pict--left" src="img/sea.jpg" alt="картинка">
          <h4 class="stage__title">январь 2011</h4>
          <span class="stage__subtitle">Первая премия за дизайн</span>
          <p class="stage__description">
            В январе 2011 мы получили первую
            премию в номинации “Лучший дизайн”
            по оценке Российского интернет форума.
            Мы радовались этому как дети, это
            действительно очень приятно!
          </p>
        </article>

        <article class="stage  stage--right">
          <img class="stage__pict  stage__pict--right" src="img/rockshow.jpg" alt="картинка">
          <h4 class="stage__title">декабрь 2012</h4>
          <span class="stage__subtitle">Первые неудачи</span>
          <p class="stage__description">
            Быть всегда успешными и везучими
            получается не всегда, и у нас как и у
            любой компании тоже были свои проблемы
            и неудачи. Но мы не отчаивались, а просто
            шли дальше и делали своё любимое дело.
          </p>
        </article>

        <article class="stage  stage--left">
          <img class="stage__pict  stage__pict--left" src="img/mountains.jpg" alt="картинка">
          <h4 class="stage__title">февраль 2014</h4>
          <span class="stage__subtitle">Наш триумф</span>
          <p class="stage__description">
            Во многом мы благодарны нашим любимым
            клиентам и партнёрам. Без них мы не смогли
            бы реализовать свой потенциал.
            В феврале 2014 в команде было уже 29 человек.
            И мы до сих пор растём!
          </p>
        </article>

        <div class="circle">
          <a class="circle__link" href="#">Другие наши истории ...</a>
        </div>
        </div>
      </div>
    </section>

    <section class="team">
      <div class="team__wrapper">
        <h2 class="team__title">Наша Команда</h2>
        <span class="team__subtitle">Наши ведущие специалисты</span>

        <article class="specialist">
          <img class="specialist__pict" src="img/anast.jpg" alt="картинка">
          <h4 class="specialist__name">Анастасия</h4>
          <span class="specialist__profession">Маркетолог</span>

          <div class="social-btn">
            <a class="social-btn__link tw" href="#"></a>
            <a class="social-btn__link fb" href="#"></a>
            <a class="social-btn__link pin" href="#"></a>
          </div>
        </article>

        <article class="specialist">
          <img class="specialist__pict" src="img/mark.jpg" alt="картинка">
          <h4 class="specialist__name">Марк</h4>
          <span class="specialist__profession">Программист</span>

          <div class="social-btn">
            <a class="social-btn__link tw" href="#"></a>
            <a class="social-btn__link fb" href="#"></a>
            <a class="social-btn__link gl" href="#"></a>
          </div>
        </article>

        <article class="specialist">
          <img class="specialist__pict" src="img/designer.jpg" alt="картинка">
          <h4 class="specialist__name">Виталий</h4>
          <span class="specialist__profession">Дизайнер</span>

          <div class="social-btn">
            <a class="social-btn__link fb" href="#"></a>
            <a class="social-btn__link pin" href="#"></a>
          </div>
        </article>

        <p class="team__slogan">Мы все любим свою работу и делаем её только на отлично. Иначе нас бы не было.</p>
      </div>
    </section>

    <div class="partners">
      <div class="partners__wrapper">
        <ul class="brand">
          <li class="brand__item"><a class="brand__link" href="#"><img class="brand__pict" src="img/envato.jpg" alt="картинка"></a></li>
          <li class="brand__item"><a class="brand__link" href="#"><img class="brand__pict" src="img/wordpress.jpg" alt="картинка"></a></li>
          <li class="brand__item"><a class="brand__link" href="#"><img class="brand__pict" src="img/aetuts.jpg" alt="картинка"></a></li>
          <li class="brand__item"><a class="brand__link" href="#"><img class="brand__pict" src="img/microlancer.jpg" alt="картинка"></a></li>
        </ul>
      </div>
    </div>

    <div class="map">
      <div class="map__wrapper">
        <script type="text/javascript" charset="utf-8" async src="https://api-maps.yandex.ru/services/constructor/1.0/js/?um=constructor%3A863d656952126e42b60ab8fa7fff462eb52369a20b5780425984adec06677eaa&amp;width=100%25&amp;height=400&amp;lang=ru_RU&amp;scroll=true"></script>
      </div>
    </div>

    <section class="contacts">
      <div class="contacts__wrapper">
        <h2 class="contacts__title">Напишите нам</h2>
        <span class="contacts__subtitle">Пишите, мы будем очень рады пообщаться с вами</span>

        <form class="contacts-form" method="post" action="form.php">
          <div class="contacts-form__cell  contacts-form__cell--left"> <!-- обертка блока -->
              <input class="contacts-form__input" type="text" name="user-name" placeholder="ВАШЕ ИМЯ *"/>
              <input class="contacts-form__input" type="email" name="email" placeholder="ВАШ E-MAIL *"/>
              <input class="contacts-form__input" type="tel" name="phone" placeholder="ТЕЛЕФОН"/>
          </div>
          <div class="contacts-form__cell  contacts-form__cell--right">
            <textarea class="user-message" name="message" placeholder="ВАШЕ СООБЩЕНИЕ *"></textarea>
          </div>
          <button class="contacts-form__btn" type="submit">Отправить</button>
        </form>
      </div>
    </section>
    </main>

    <footer class="footer">
      <div class="footer__wrapper">
        <p class="copyrighted">&copy; Copyright 2014 FreebiesXpress.com</p>
        <div class="social-btn social-btn--footer">
          <a class="social-btn__link footer-tw" href="#"></a>
          <a class="social-btn__link footer-fb" href="#"></a>
          <a class="social-btn__link footer-pin" href="#"></a>
          <a class="social-btn__link footer-gl" href="#"></a>
        </div>
      </div>
    </footer>

  </body>
</html>
